由于文件 (符号) 而包含了归档成员

lib/ulib.a(printf.o)          kernel/ktest.o (printf)
lib/ulib.a(vsprintf.o)        lib/ulib.a(printf.o) (vsprintf)

舍弃的输入节

 .debug_aranges
                0x0000000000000000       0x20 kernel/kernel.o
 .debug_pubnames
                0x0000000000000000        0x0 kernel/kernel.o
 .debug_info    0x0000000000000000       0x43 kernel/kernel.o
 .debug_abbrev  0x0000000000000000       0x1b kernel/kernel.o
 .debug_line    0x0000000000000000      0x3cb kernel/kernel.o
 .debug_frame   0x0000000000000000        0x0 kernel/kernel.o
 .debug_loc     0x0000000000000000        0x0 kernel/kernel.o
 .debug_aranges
                0x0000000000000000       0x20 kernel/syscall.o
 .debug_pubnames
                0x0000000000000000        0x0 kernel/syscall.o
 .debug_info    0x0000000000000000       0x44 kernel/syscall.o
 .debug_abbrev  0x0000000000000000       0x1b kernel/syscall.o
 .debug_line    0x0000000000000000       0xe4 kernel/syscall.o
 .debug_frame   0x0000000000000000        0x0 kernel/syscall.o
 .debug_loc     0x0000000000000000        0x0 kernel/syscall.o
 .group         0x0000000000000000        0x8 kernel/start.o
 .debug_info    0x0000000000000000      0x218 kernel/start.o
 .debug_abbrev  0x0000000000000000       0xd6 kernel/start.o
 .debug_aranges
                0x0000000000000000       0x20 kernel/start.o
 .debug_line    0x0000000000000000       0xa5 kernel/start.o
 .debug_str     0x0000000000000000      0x200 kernel/start.o
 .note.GNU-stack
                0x0000000000000000        0x0 kernel/start.o
 .group         0x0000000000000000        0x8 kernel/main.o
 .group         0x0000000000000000        0x8 kernel/main.o
 .text.__x86.get_pc_thunk.bx
                0x0000000000000000        0x4 kernel/main.o
 .debug_info    0x0000000000000000      0x80a kernel/main.o
 .debug_abbrev  0x0000000000000000      0x203 kernel/main.o
 .debug_aranges
                0x0000000000000000       0x20 kernel/main.o
 .debug_line    0x0000000000000000      0x55a kernel/main.o
 .debug_str     0x0000000000000000      0x563 kernel/main.o
 .note.GNU-stack
                0x0000000000000000        0x0 kernel/main.o
 .group         0x0000000000000000        0x8 kernel/clock.o
 .group         0x0000000000000000        0x8 kernel/clock.o
 .text.__x86.get_pc_thunk.ax
                0x0000000000000000        0x4 kernel/clock.o
 .text.__x86.get_pc_thunk.bx
                0x0000000000000000        0x4 kernel/clock.o
 .debug_info    0x0000000000000000      0x5f2 kernel/clock.o
 .debug_abbrev  0x0000000000000000      0x19c kernel/clock.o
 .debug_aranges
                0x0000000000000000       0x20 kernel/clock.o
 .debug_line    0x0000000000000000       0xbc kernel/clock.o
 .debug_str     0x0000000000000000      0x45c kernel/clock.o
 .note.GNU-stack
                0x0000000000000000        0x0 kernel/clock.o
 .group         0x0000000000000000        0x8 kernel/i8259.o
 .text.__x86.get_pc_thunk.bx
                0x0000000000000000        0x4 kernel/i8259.o
 .debug_info    0x0000000000000000      0x130 kernel/i8259.o
 .debug_abbrev  0x0000000000000000       0xf2 kernel/i8259.o
 .debug_aranges
                0x0000000000000000       0x20 kernel/i8259.o
 .debug_line    0x0000000000000000       0xa7 kernel/i8259.o
 .debug_str     0x0000000000000000      0x17d kernel/i8259.o
 .note.GNU-stack
                0x0000000000000000        0x0 kernel/i8259.o
 .debug_info    0x0000000000000000      0xb8f kernel/global.o
 .debug_abbrev  0x0000000000000000      0x187 kernel/global.o
 .debug_aranges
                0x0000000000000000       0x18 kernel/global.o
 .debug_line    0x0000000000000000       0x7b kernel/global.o
 .debug_str     0x0000000000000000      0x645 kernel/global.o
 .note.GNU-stack
                0x0000000000000000        0x0 kernel/global.o
 .group         0x0000000000000000        0x8 kernel/protect.o
 .group         0x0000000000000000        0x8 kernel/protect.o
 .text.__x86.get_pc_thunk.ax
                0x0000000000000000        0x4 kernel/protect.o
 .text.__x86.get_pc_thunk.bx
                0x0000000000000000        0x4 kernel/protect.o
 .debug_info    0x0000000000000000      0xa73 kernel/protect.o
 .debug_abbrev  0x0000000000000000      0x26b kernel/protect.o
 .debug_aranges
                0x0000000000000000       0x20 kernel/protect.o
 .debug_line    0x0000000000000000      0x20e kernel/protect.o
 .debug_str     0x0000000000000000      0x5b2 kernel/protect.o
 .note.GNU-stack
                0x0000000000000000        0x0 kernel/protect.o
 .group         0x0000000000000000        0x8 kernel/proc.o
 .group         0x0000000000000000        0x8 kernel/proc.o
 .text.__x86.get_pc_thunk.ax
                0x0000000000000000        0x4 kernel/proc.o
 .text.__x86.get_pc_thunk.bx
                0x0000000000000000        0x4 kernel/proc.o
 .debug_info    0x0000000000000000      0x76c kernel/proc.o
 .debug_abbrev  0x0000000000000000      0x23c kernel/proc.o
 .debug_aranges
                0x0000000000000000       0x20 kernel/proc.o
 .debug_line    0x0000000000000000      0x1ea kernel/proc.o
 .debug_str     0x0000000000000000      0x4bd kernel/proc.o
 .note.GNU-stack
                0x0000000000000000        0x0 kernel/proc.o
 .debug_aranges
                0x0000000000000000       0x20 lib/kliba.o
 .debug_pubnames
                0x0000000000000000        0x0 lib/kliba.o
 .debug_info    0x0000000000000000       0x3f lib/kliba.o
 .debug_abbrev  0x0000000000000000       0x1b lib/kliba.o
 .debug_line    0x0000000000000000       0xd5 lib/kliba.o
 .debug_frame   0x0000000000000000        0x0 lib/kliba.o
 .debug_loc     0x0000000000000000        0x0 lib/kliba.o
 .group         0x0000000000000000        0x8 lib/klib.o
 .group         0x0000000000000000        0x8 lib/klib.o
 .text.__x86.get_pc_thunk.ax
                0x0000000000000000        0x4 lib/klib.o
 .text.__x86.get_pc_thunk.bx
                0x0000000000000000        0x4 lib/klib.o
 .debug_info    0x0000000000000000      0x177 lib/klib.o
 .debug_abbrev  0x0000000000000000       0xdd lib/klib.o
 .debug_aranges
                0x0000000000000000       0x20 lib/klib.o
 .debug_line    0x0000000000000000       0xe1 lib/klib.o
 .debug_str     0x0000000000000000      0x155 lib/klib.o
 .note.GNU-stack
                0x0000000000000000        0x0 lib/klib.o
 .group         0x0000000000000000        0x8 lib/stringc.o
 .text.__x86.get_pc_thunk.ax
                0x0000000000000000        0x4 lib/stringc.o
 .debug_info    0x0000000000000000       0x86 lib/stringc.o
 .debug_abbrev  0x0000000000000000       0x6f lib/stringc.o
 .debug_aranges
                0x0000000000000000       0x20 lib/stringc.o
 .debug_line    0x0000000000000000       0x8b lib/stringc.o
 .debug_str     0x0000000000000000       0xb4 lib/stringc.o
 .note.GNU-stack
                0x0000000000000000        0x0 lib/stringc.o
 .debug_aranges
                0x0000000000000000       0x20 lib/stringasm.o
 .debug_pubnames
                0x0000000000000000        0x0 lib/stringasm.o
 .debug_info    0x0000000000000000       0x40 lib/stringasm.o
 .debug_abbrev  0x0000000000000000       0x1b lib/stringasm.o
 .debug_line    0x0000000000000000       0x80 lib/stringasm.o
 .debug_frame   0x0000000000000000        0x0 lib/stringasm.o
 .debug_loc     0x0000000000000000        0x0 lib/stringasm.o
 .group         0x0000000000000000        0x8 kernel/syscallc.o
 .group         0x0000000000000000        0x8 kernel/syscallc.o
 .text.__x86.get_pc_thunk.ax
                0x0000000000000000        0x4 kernel/syscallc.o
 .text.__x86.get_pc_thunk.bx
                0x0000000000000000        0x4 kernel/syscallc.o
 .debug_info    0x0000000000000000      0x800 kernel/syscallc.o
 .debug_abbrev  0x0000000000000000      0x210 kernel/syscallc.o
 .debug_aranges
                0x0000000000000000       0x20 kernel/syscallc.o
 .debug_line    0x0000000000000000      0x14d kernel/syscallc.o
 .debug_str     0x0000000000000000      0x52d kernel/syscallc.o
 .note.GNU-stack
                0x0000000000000000        0x0 kernel/syscallc.o
 .group         0x0000000000000000        0x8 kernel/memman.o
 .group         0x0000000000000000        0x8 kernel/memman.o
 .text.__x86.get_pc_thunk.ax
                0x0000000000000000        0x4 kernel/memman.o
 .text.__x86.get_pc_thunk.bx
                0x0000000000000000        0x4 kernel/memman.o
 .debug_info    0x0000000000000000      0x5f6 kernel/memman.o
 .debug_abbrev  0x0000000000000000      0x208 kernel/memman.o
 .debug_aranges
                0x0000000000000000       0x20 kernel/memman.o
 .debug_line    0x0000000000000000      0x805 kernel/memman.o
 .debug_str     0x0000000000000000      0x264 kernel/memman.o
 .note.GNU-stack
                0x0000000000000000        0x0 kernel/memman.o
 .group         0x0000000000000000        0x8 kernel/pagetbl.o
 .group         0x0000000000000000        0x8 kernel/pagetbl.o
 .text.__x86.get_pc_thunk.ax
                0x0000000000000000        0x4 kernel/pagetbl.o
 .text.__x86.get_pc_thunk.bx
                0x0000000000000000        0x4 kernel/pagetbl.o
 .debug_info    0x0000000000000000      0xaab kernel/pagetbl.o
 .debug_abbrev  0x0000000000000000      0x307 kernel/pagetbl.o
 .debug_aranges
                0x0000000000000000       0x20 kernel/pagetbl.o
 .debug_line    0x0000000000000000      0x2e2 kernel/pagetbl.o
 .debug_str     0x0000000000000000      0x637 kernel/pagetbl.o
 .note.GNU-stack
                0x0000000000000000        0x0 kernel/pagetbl.o
 .group         0x0000000000000000        0x8 kernel/elf.o
 .group         0x0000000000000000        0x8 kernel/elf.o
 .text.__x86.get_pc_thunk.ax
                0x0000000000000000        0x4 kernel/elf.o
 .text.__x86.get_pc_thunk.bx
                0x0000000000000000        0x4 kernel/elf.o
 .debug_info    0x0000000000000000      0x4cc kernel/elf.o
 .debug_abbrev  0x0000000000000000      0x133 kernel/elf.o
 .debug_aranges
                0x0000000000000000       0x20 kernel/elf.o
 .debug_line    0x0000000000000000      0x2ba kernel/elf.o
 .debug_str     0x0000000000000000      0x2f2 kernel/elf.o
 .note.GNU-stack
                0x0000000000000000        0x0 kernel/elf.o
 .group         0x0000000000000000        0x8 kernel/file.o
 .text.__x86.get_pc_thunk.ax
                0x0000000000000000        0x4 kernel/file.o
 .debug_info    0x0000000000000000      0x14e kernel/file.o
 .debug_abbrev  0x0000000000000000       0xd4 kernel/file.o
 .debug_aranges
                0x0000000000000000       0x20 kernel/file.o
 .debug_line    0x0000000000000000       0x7a kernel/file.o
 .debug_str     0x0000000000000000      0x173 kernel/file.o
 .note.GNU-stack
                0x0000000000000000        0x0 kernel/file.o
 .group         0x0000000000000000        0x8 kernel/exec.o
 .text.__x86.get_pc_thunk.bx
                0x0000000000000000        0x4 kernel/exec.o
 .debug_info    0x0000000000000000      0x9d1 kernel/exec.o
 .debug_abbrev  0x0000000000000000      0x21a kernel/exec.o
 .debug_aranges
                0x0000000000000000       0x20 kernel/exec.o
 .debug_ranges  0x0000000000000000       0x18 kernel/exec.o
 .debug_line    0x0000000000000000      0x2cc kernel/exec.o
 .debug_str     0x0000000000000000      0x64a kernel/exec.o
 .note.GNU-stack
                0x0000000000000000        0x0 kernel/exec.o
 .group         0x0000000000000000        0x8 kernel/fork.o
 .group         0x0000000000000000        0x8 kernel/fork.o
 .text.__x86.get_pc_thunk.ax
                0x0000000000000000        0x4 kernel/fork.o
 .text.__x86.get_pc_thunk.bx
                0x0000000000000000        0x4 kernel/fork.o
 .debug_info    0x0000000000000000      0x6cb kernel/fork.o
 .debug_abbrev  0x0000000000000000      0x1c9 kernel/fork.o
 .debug_aranges
                0x0000000000000000       0x20 kernel/fork.o
 .debug_line    0x0000000000000000      0x30a kernel/fork.o
 .debug_str     0x0000000000000000      0x495 kernel/fork.o
 .note.GNU-stack
                0x0000000000000000        0x0 kernel/fork.o
 .group         0x0000000000000000        0x8 kernel/pthread.o
 .group         0x0000000000000000        0x8 kernel/pthread.o
 .text.__x86.get_pc_thunk.ax
                0x0000000000000000        0x4 kernel/pthread.o
 .text.__x86.get_pc_thunk.bx
                0x0000000000000000        0x4 kernel/pthread.o
 .debug_info    0x0000000000000000      0x76d kernel/pthread.o
 .debug_abbrev  0x0000000000000000      0x1d7 kernel/pthread.o
 .debug_aranges
                0x0000000000000000       0x20 kernel/pthread.o
 .debug_line    0x0000000000000000      0x1f7 kernel/pthread.o
 .debug_str     0x0000000000000000      0x4d3 kernel/pthread.o
 .note.GNU-stack
                0x0000000000000000        0x0 kernel/pthread.o
 .group         0x0000000000000000        0x8 kernel/ktest.o
 .text.__x86.get_pc_thunk.bx
                0x0000000000000000        0x4 kernel/ktest.o
 .debug_info    0x0000000000000000      0x451 kernel/ktest.o
 .debug_abbrev  0x0000000000000000      0x14a kernel/ktest.o
 .debug_aranges
                0x0000000000000000       0x20 kernel/ktest.o
 .debug_ranges  0x0000000000000000       0x18 kernel/ktest.o
 .debug_line    0x0000000000000000      0x113 kernel/ktest.o
 .debug_str     0x0000000000000000      0x23c kernel/ktest.o
 .note.GNU-stack
                0x0000000000000000        0x0 kernel/ktest.o
 .group         0x0000000000000000        0x8 kernel/testfunc.o
 .text.__x86.get_pc_thunk.bx
                0x0000000000000000        0x4 kernel/testfunc.o
 .debug_info    0x0000000000000000       0xd1 kernel/testfunc.o
 .debug_abbrev  0x0000000000000000       0x6d kernel/testfunc.o
 .debug_aranges
                0x0000000000000000       0x20 kernel/testfunc.o
 .debug_line    0x0000000000000000       0x82 kernel/testfunc.o
 .debug_str     0x0000000000000000      0x149 kernel/testfunc.o
 .note.GNU-stack
                0x0000000000000000        0x0 kernel/testfunc.o
 .group         0x0000000000000000        0x8 kernel/fs.o
 .group         0x0000000000000000        0x8 kernel/fs.o
 .group         0x0000000000000000        0x8 kernel/fs.o
 .group         0x0000000000000000        0x8 kernel/fs.o
 .text.__x86.get_pc_thunk.ax
                0x0000000000000000        0x4 kernel/fs.o
 .text.__x86.get_pc_thunk.bx
                0x0000000000000000        0x4 kernel/fs.o
 .debug_info    0x0000000000000000     0x1dd8 kernel/fs.o
 .debug_abbrev  0x0000000000000000      0x377 kernel/fs.o
 .debug_aranges
                0x0000000000000000       0x20 kernel/fs.o
 .debug_line    0x0000000000000000      0xfcd kernel/fs.o
 .debug_str     0x0000000000000000      0xad7 kernel/fs.o
 .note.GNU-stack
                0x0000000000000000        0x0 kernel/fs.o
 .group         0x0000000000000000        0x8 kernel/hd.o
 .group         0x0000000000000000        0x8 kernel/hd.o
 .group         0x0000000000000000        0x8 kernel/hd.o
 .text.__x86.get_pc_thunk.ax
                0x0000000000000000        0x4 kernel/hd.o
 .text.__x86.get_pc_thunk.cx
                0x0000000000000000        0x4 kernel/hd.o
 .text.__x86.get_pc_thunk.bx
                0x0000000000000000        0x4 kernel/hd.o
 .debug_info    0x0000000000000000     0x13d5 kernel/hd.o
 .debug_abbrev  0x0000000000000000      0x3e7 kernel/hd.o
 .debug_aranges
                0x0000000000000000       0x20 kernel/hd.o
 .debug_ranges  0x0000000000000000       0x30 kernel/hd.o
 .debug_line    0x0000000000000000      0x864 kernel/hd.o
 .debug_str     0x0000000000000000      0x93d kernel/hd.o
 .note.GNU-stack
                0x0000000000000000        0x0 kernel/hd.o
 .group         0x0000000000000000        0x8 kernel/spinlock.o
 .text.__x86.get_pc_thunk.ax
                0x0000000000000000        0x4 kernel/spinlock.o
 .debug_info    0x0000000000000000      0x17c kernel/spinlock.o
 .debug_abbrev  0x0000000000000000       0xf5 kernel/spinlock.o
 .debug_aranges
                0x0000000000000000       0x20 kernel/spinlock.o
 .debug_line    0x0000000000000000       0x94 kernel/spinlock.o
 .debug_str     0x0000000000000000      0x120 kernel/spinlock.o
 .note.GNU-stack
                0x0000000000000000        0x0 kernel/spinlock.o
 .group         0x0000000000000000        0x8 kernel/fat32.o
 .group         0x0000000000000000        0x8 kernel/fat32.o
 .group         0x0000000000000000        0x8 kernel/fat32.o
 .text.__x86.get_pc_thunk.ax
                0x0000000000000000        0x4 kernel/fat32.o
 .text.__x86.get_pc_thunk.cx
                0x0000000000000000        0x4 kernel/fat32.o
 .text.__x86.get_pc_thunk.bx
                0x0000000000000000        0x4 kernel/fat32.o
 .debug_info    0x0000000000000000     0x1923 kernel/fat32.o
 .debug_abbrev  0x0000000000000000      0x374 kernel/fat32.o
 .debug_aranges
                0x0000000000000000       0x20 kernel/fat32.o
 .debug_line    0x0000000000000000      0x979 kernel/fat32.o
 .debug_str     0x0000000000000000      0xae5 kernel/fat32.o
 .note.GNU-stack
                0x0000000000000000        0x0 kernel/fat32.o
 .group         0x0000000000000000        0x8 kernel/base.o
 .group         0x0000000000000000        0x8 kernel/base.o
 .group         0x0000000000000000        0x8 kernel/base.o
 .group         0x0000000000000000        0x8 kernel/base.o
 .text.__x86.get_pc_thunk.ax
                0x0000000000000000        0x4 kernel/base.o
 .text.__x86.get_pc_thunk.dx
                0x0000000000000000        0x4 kernel/base.o
 .text.__x86.get_pc_thunk.cx
                0x0000000000000000        0x4 kernel/base.o
 .text.__x86.get_pc_thunk.bx
                0x0000000000000000        0x4 kernel/base.o
 .debug_info    0x0000000000000000     0x1762 kernel/base.o
 .debug_abbrev  0x0000000000000000      0x301 kernel/base.o
 .debug_aranges
                0x0000000000000000       0x20 kernel/base.o
 .debug_line    0x0000000000000000      0xb62 kernel/base.o
 .debug_str     0x0000000000000000      0xa4c kernel/base.o
 .note.GNU-stack
                0x0000000000000000        0x0 kernel/base.o
 .group         0x0000000000000000        0x8 kernel/assist.o
 .group         0x0000000000000000        0x8 kernel/assist.o
 .text.__x86.get_pc_thunk.ax
                0x0000000000000000        0x4 kernel/assist.o
 .text.__x86.get_pc_thunk.bx
                0x0000000000000000        0x4 kernel/assist.o
 .debug_info    0x0000000000000000      0x436 kernel/assist.o
 .debug_abbrev  0x0000000000000000      0x13a kernel/assist.o
 .debug_aranges
                0x0000000000000000       0x20 kernel/assist.o
 .debug_ranges  0x0000000000000000       0x20 kernel/assist.o
 .debug_line    0x0000000000000000      0x4ea kernel/assist.o
 .debug_str     0x0000000000000000      0x248 kernel/assist.o
 .note.GNU-stack
                0x0000000000000000        0x0 kernel/assist.o
 .group         0x0000000000000000        0x8 kernel/vfs.o
 .group         0x0000000000000000        0x8 kernel/vfs.o
 .text.__x86.get_pc_thunk.ax
                0x0000000000000000        0x4 kernel/vfs.o
 .text.__x86.get_pc_thunk.bx
                0x0000000000000000        0x4 kernel/vfs.o
 .debug_info    0x0000000000000000     0x126e kernel/vfs.o
 .debug_abbrev  0x0000000000000000      0x324 kernel/vfs.o
 .debug_aranges
                0x0000000000000000       0x20 kernel/vfs.o
 .debug_line    0x0000000000000000      0x5e9 kernel/vfs.o
 .debug_str     0x0000000000000000      0x808 kernel/vfs.o
 .note.GNU-stack
                0x0000000000000000        0x0 kernel/vfs.o
 .group         0x0000000000000000        0x8 kernel/keyboard.o
 .text.__x86.get_pc_thunk.bx
                0x0000000000000000        0x4 kernel/keyboard.o
 .debug_info    0x0000000000000000      0x654 kernel/keyboard.o
 .debug_abbrev  0x0000000000000000      0x22e kernel/keyboard.o
 .debug_aranges
                0x0000000000000000       0x20 kernel/keyboard.o
 .debug_line    0x0000000000000000      0x50a kernel/keyboard.o
 .debug_str     0x0000000000000000      0x3bf kernel/keyboard.o
 .note.GNU-stack
                0x0000000000000000        0x0 kernel/keyboard.o
 .group         0x0000000000000000        0x8 kernel/tty.o
 .group         0x0000000000000000        0x8 kernel/tty.o
 .group         0x0000000000000000        0x8 kernel/tty.o
 .text.__x86.get_pc_thunk.ax
                0x0000000000000000        0x4 kernel/tty.o
 .text.__x86.get_pc_thunk.dx
                0x0000000000000000        0x4 kernel/tty.o
 .text.__x86.get_pc_thunk.bx
                0x0000000000000000        0x4 kernel/tty.o
 .debug_info    0x0000000000000000      0x4e1 kernel/tty.o
 .debug_abbrev  0x0000000000000000      0x20c kernel/tty.o
 .debug_aranges
                0x0000000000000000       0x20 kernel/tty.o
 .debug_line    0x0000000000000000      0x438 kernel/tty.o
 .debug_str     0x0000000000000000      0x2d3 kernel/tty.o
 .note.GNU-stack
                0x0000000000000000        0x0 kernel/tty.o
 .group         0x0000000000000000        0x8 kernel/shell.o
 .group         0x0000000000000000        0x8 kernel/shell.o
 .text.__x86.get_pc_thunk.ax
                0x0000000000000000        0x4 kernel/shell.o
 .text.__x86.get_pc_thunk.bx
                0x0000000000000000        0x4 kernel/shell.o
 .debug_info    0x0000000000000000      0x3a6 kernel/shell.o
 .debug_abbrev  0x0000000000000000      0x161 kernel/shell.o
 .debug_aranges
                0x0000000000000000       0x20 kernel/shell.o
 .debug_line    0x0000000000000000      0x1f0 kernel/shell.o
 .debug_str     0x0000000000000000      0x1b1 kernel/shell.o
 .note.GNU-stack
                0x0000000000000000        0x0 kernel/shell.o
 .group         0x0000000000000000        0x8 kernel/console.o
 .group         0x0000000000000000        0x8 kernel/console.o
 .group         0x0000000000000000        0x8 kernel/console.o
 .group         0x0000000000000000        0x8 kernel/console.o
 .text.__x86.get_pc_thunk.ax
                0x0000000000000000        0x4 kernel/console.o
 .text.__x86.get_pc_thunk.dx
                0x0000000000000000        0x4 kernel/console.o
 .text.__x86.get_pc_thunk.cx
                0x0000000000000000        0x4 kernel/console.o
 .text.__x86.get_pc_thunk.bx
                0x0000000000000000        0x4 kernel/console.o
 .debug_info    0x0000000000000000      0x515 kernel/console.o
 .debug_abbrev  0x0000000000000000      0x20d kernel/console.o
 .debug_aranges
                0x0000000000000000       0x20 kernel/console.o
 .debug_line    0x0000000000000000      0x3d4 kernel/console.o
 .debug_str     0x0000000000000000      0x31d kernel/console.o
 .note.GNU-stack
                0x0000000000000000        0x0 kernel/console.o
 .group         0x0000000000000000        0x8 lib/ulib.a(printf.o)
 .text.__x86.get_pc_thunk.bx
                0x0000000000000000        0x4 lib/ulib.a(printf.o)
 .debug_info    0x0000000000000000       0xdd lib/ulib.a(printf.o)
 .debug_abbrev  0x0000000000000000       0x9e lib/ulib.a(printf.o)
 .debug_aranges
                0x0000000000000000       0x20 lib/ulib.a(printf.o)
 .debug_line    0x0000000000000000       0x6a lib/ulib.a(printf.o)
 .debug_str     0x0000000000000000       0xfc lib/ulib.a(printf.o)
 .note.GNU-stack
                0x0000000000000000        0x0 lib/ulib.a(printf.o)
 .group         0x0000000000000000        0x8 lib/ulib.a(vsprintf.o)
 .group         0x0000000000000000        0x8 lib/ulib.a(vsprintf.o)
 .text.__x86.get_pc_thunk.ax
                0x0000000000000000        0x4 lib/ulib.a(vsprintf.o)
 .text.__x86.get_pc_thunk.bx
                0x0000000000000000        0x4 lib/ulib.a(vsprintf.o)
 .debug_info    0x0000000000000000      0x30a lib/ulib.a(vsprintf.o)
 .debug_abbrev  0x0000000000000000      0x11a lib/ulib.a(vsprintf.o)
 .debug_aranges
                0x0000000000000000       0x20 lib/ulib.a(vsprintf.o)
 .debug_line    0x0000000000000000      0x31b lib/ulib.a(vsprintf.o)
 .debug_str     0x0000000000000000      0x19f lib/ulib.a(vsprintf.o)
 .note.GNU-stack
                0x0000000000000000        0x0 lib/ulib.a(vsprintf.o)
 .group         0x0000000000000000        0x8 kernel/signal/signal.o
 .group         0x0000000000000000        0x8 kernel/signal/signal.o
 .group         0x0000000000000000        0x8 kernel/signal/signal.o
 .group         0x0000000000000000        0x8 kernel/signal/signal.o
 .text.__x86.get_pc_thunk.ax
                0x0000000000000000        0x4 kernel/signal/signal.o
 .text.__x86.get_pc_thunk.dx
                0x0000000000000000        0x4 kernel/signal/signal.o
 .text.__x86.get_pc_thunk.bx
                0x0000000000000000        0x4 kernel/signal/signal.o
 .debug_info    0x0000000000000000      0x8eb kernel/signal/signal.o
 .debug_abbrev  0x0000000000000000      0x21e kernel/signal/signal.o
 .debug_aranges
                0x0000000000000000       0x20 kernel/signal/signal.o
 .debug_line    0x0000000000000000      0x2f5 kernel/signal/signal.o
 .debug_str     0x0000000000000000      0x53a kernel/signal/signal.o
 .note.GNU-stack
                0x0000000000000000        0x0 kernel/signal/signal.o

内存配置

名称           来源             长度             属性
*default*        0x0000000000000000 0xffffffffffffffff

链结器命令稿和内存映射

节 .text 的地址设置到 0xc0030400
LOAD kernel/kernel.o
LOAD kernel/syscall.o
LOAD kernel/start.o
LOAD kernel/main.o
LOAD kernel/clock.o
LOAD kernel/i8259.o
LOAD kernel/global.o
LOAD kernel/protect.o
LOAD kernel/proc.o
LOAD lib/kliba.o
LOAD lib/klib.o
LOAD lib/stringc.o
LOAD lib/stringasm.o
LOAD kernel/syscallc.o
LOAD kernel/memman.o
LOAD kernel/pagetbl.o
LOAD kernel/elf.o
LOAD kernel/file.o
LOAD kernel/exec.o
LOAD kernel/fork.o
LOAD kernel/pthread.o
LOAD kernel/ktest.o
LOAD kernel/testfunc.o
LOAD kernel/fs.o
LOAD kernel/hd.o
LOAD kernel/spinlock.o
LOAD kernel/fat32.o
LOAD kernel/base.o
LOAD kernel/assist.o
LOAD kernel/vfs.o
LOAD kernel/keyboard.o
LOAD kernel/tty.o
LOAD kernel/shell.o
LOAD kernel/console.o
LOAD lib/ulib.a
LOAD kernel/signal/signal.o
                [!provide]                        PROVIDE (__executable_start = SEGMENT_START ("text-segment", 0x8048000))
                0x00000000080480d4                . = (SEGMENT_START ("text-segment", 0x8048000) + SIZEOF_HEADERS)

.interp
 *(.interp)

.note.gnu.build-id
 *(.note.gnu.build-id)

.hash
 *(.hash)

.gnu.hash
 *(.gnu.hash)

.dynsym
 *(.dynsym)

.dynstr
 *(.dynstr)

.gnu.version
 *(.gnu.version)

.gnu.version_d
 *(.gnu.version_d)

.gnu.version_r
 *(.gnu.version_r)

.rel.dyn        0x00000000080480d4        0x0
 *(.rel.init)
 *(.rel.text .rel.text.* .rel.gnu.linkonce.t.*)
 *(.rel.fini)
 *(.rel.rodata .rel.rodata.* .rel.gnu.linkonce.r.*)
 *(.rel.data.rel.ro .rel.data.rel.ro.* .rel.gnu.linkonce.d.rel.ro.*)
 *(.rel.data .rel.data.* .rel.gnu.linkonce.d.*)
 *(.rel.tdata .rel.tdata.* .rel.gnu.linkonce.td.*)
 *(.rel.tbss .rel.tbss.* .rel.gnu.linkonce.tb.*)
 *(.rel.ctors)
 *(.rel.dtors)
 *(.rel.got)
 .rel.got       0x00000000080480d4        0x0 kernel/kernel.o
 *(.rel.bss .rel.bss.* .rel.gnu.linkonce.b.*)
 *(.rel.ifunc)

.rel.plt        0x00000000080480d4        0x0
 *(.rel.plt)
                [!provide]                        PROVIDE (__rel_iplt_start = .)
 *(.rel.iplt)
 .rel.iplt      0x00000000080480d4        0x0 kernel/kernel.o
                [!provide]                        PROVIDE (__rel_iplt_end = .)
                0x0000000008049000                . = ALIGN (CONSTANT (MAXPAGESIZE))

.init
 *(SORT_NONE(.init))

.plt            0x0000000008049000        0x0
 *(.plt)
 *(.iplt)
 .iplt          0x0000000008049000        0x0 kernel/kernel.o

.plt.got
 *(.plt.got)

.plt.sec
 *(.plt.sec)

.text           0x00000000c0030400    0x12460
 *(.text.unlikely .text.*_unlikely .text.unlikely.*)
 *(.text.exit .text.exit.*)
 *(.text.startup .text.startup.*)
 *(.text.hot .text.hot.*)
 *(SORT_BY_NAME(.text.sorted.*))
 *(.text .stub .text.* .gnu.linkonce.t.*)
 .text          0x00000000c0030400      0x732 kernel/kernel.o
                0x00000000c0030400                _start
                0x00000000c0030450                hwint00
                0x00000000c0030480                hwint01
                0x00000000c00304b0                hwint02
                0x00000000c00304e0                hwint03
                0x00000000c0030510                hwint04
                0x00000000c0030540                hwint05
                0x00000000c0030570                hwint06
                0x00000000c00305a0                hwint07
                0x00000000c00305d0                hwint08
                0x00000000c0030600                hwint09
                0x00000000c0030630                hwint10
                0x00000000c0030660                hwint11
                0x00000000c0030690                hwint12
                0x00000000c00306c0                hwint13
                0x00000000c00306f0                hwint14
                0x00000000c0030720                hwint15
                0x00000000c0030750                divide_error
                0x00000000c0030778                single_step_exception
                0x00000000c00307a0                nmi
                0x00000000c00307c8                breakpoint_exception
                0x00000000c00307f0                overflow
                0x00000000c0030818                bounds_check
                0x00000000c0030840                inval_opcode
                0x00000000c0030868                copr_not_available
                0x00000000c0030890                double_fault
                0x00000000c00308b6                copr_seg_overrun
                0x00000000c00308de                inval_tss
                0x00000000c0030904                segment_not_present
                0x00000000c003092a                stack_exception
                0x00000000c0030950                general_protection
                0x00000000c0030976                page_fault
                0x00000000c003099c                copr_error
                0x00000000c0030a5d                sched
                0x00000000c0030ab3                sys_call
                0x00000000c0030af9                restart_restore
                0x00000000c0030b04                restart_initial
                0x00000000c0030b13                read_cr2
                0x00000000c0030b17                refresh_page_cache
                0x00000000c0030b1e                halt
                0x00000000c0030b1f                get_arg
 *fill*         0x00000000c0030b32        0xe 
 .text          0x00000000c0030b40      0x194 kernel/syscall.o
                0x00000000c0030b40                get_ticks
                0x00000000c0030b48                get_pid
                0x00000000c0030b50                kmalloc
                0x00000000c0030b5c                kmalloc_4k
                0x00000000c0030b68                malloc
                0x00000000c0030b76                malloc_4k
                0x00000000c0030b82                free
                0x00000000c0030b8e                free_4k
                0x00000000c0030b9a                fork
                0x00000000c0030ba2                pthread
                0x00000000c0030bb0                udisp_int
                0x00000000c0030bbc                udisp_str
                0x00000000c0030bc8                exec
                0x00000000c0030bd4                yield
                0x00000000c0030be0                sleep
                0x00000000c0030bec                print_E
                0x00000000c0030bfa                print_F
                0x00000000c0030c06                open
                0x00000000c0030c1a                close
                0x00000000c0030c29                read
                0x00000000c0030c38                write
                0x00000000c0030c47                lseek
                0x00000000c0030c56                unlink
                0x00000000c0030c65                create
                0x00000000c0030c74                delete
                0x00000000c0030c83                opendir
                0x00000000c0030c92                createdir
                0x00000000c0030ca1                deletedir
                0x00000000c0030cb0                __signal
                0x00000000c0030cbc                sigsend
                0x00000000c0030cc8                sigreturn
 .text          0x00000000c0030cd4       0xc3 kernel/start.o
                0x00000000c0030cd4                cstart
 .text.__x86.get_pc_thunk.bx
                0x00000000c0030d97        0x4 kernel/start.o
                0x00000000c0030d97                __x86.get_pc_thunk.bx
 .text          0x00000000c0030d9b      0xb07 kernel/main.o
                0x00000000c0030d9b                kernel_main
 .text.__x86.get_pc_thunk.ax
                0x00000000c00318a2        0x4 kernel/main.o
                0x00000000c00318a2                __x86.get_pc_thunk.ax
 .text          0x00000000c00318a6       0x9e kernel/clock.o
                0x00000000c00318a6                clock_handler
                0x00000000c003190a                milli_delay
 .text          0x00000000c0031944      0x168 kernel/i8259.o
                0x00000000c0031944                init_8259A
                0x00000000c0031a2d                spurious_irq
                0x00000000c0031a77                put_irq_handler
 .text          0x00000000c0031aac        0x0 kernel/global.o
 .text          0x00000000c0031aac      0x78c kernel/protect.o
                0x00000000c0031aac                init_prot
                0x00000000c0031f66                seg2phys
                0x00000000c0032039                exception_handler
                0x00000000c00321b4                divide_error_handler
 .text          0x00000000c0032238      0x300 kernel/proc.o
                0x00000000c0032238                schedule
                0x00000000c003232e                alloc_PCB
                0x00000000c0032389                free_PCB
                0x00000000c00323a6                sys_yield
                0x00000000c00323d6                sys_sleep
                0x00000000c0032434                sys_wakeup
                0x00000000c0032491                ldt_seg_linear
                0x00000000c00324e5                va2la
 *fill*         0x00000000c0032538        0x8 
 .text          0x00000000c0032540      0x13a lib/kliba.o
                0x00000000c0032540                disp_str
                0x00000000c003258d                disp_color_str
                0x00000000c00325ce                out_byte
                0x00000000c00325da                in_byte
                0x00000000c00325e4                disable_irq
                0x00000000c0032619                enable_irq
                0x00000000c0032638                port_read
                0x00000000c003264b                port_write
                0x00000000c003265e                disable_int
                0x00000000c0032660                enable_int
                0x00000000c0032662                write_char
 .text          0x00000000c003267a      0x13d lib/klib.o
                0x00000000c003267a                itoa
                0x00000000c003272f                disp_int
                0x00000000c0032765                delay
 .text          0x00000000c00327b7       0x5d lib/stringc.o
                0x00000000c00327b7                strcat
 *fill*         0x00000000c0032814        0xc 
 .text          0x00000000c0032820       0x78 lib/stringasm.o
                0x00000000c0032820                memcpy
                0x00000000c0032849                memset
                0x00000000c003286a                strcpy
                0x00000000c0032882                strlen
 .text          0x00000000c0032898      0x246 kernel/syscallc.o
                0x00000000c0032898                sys_get_ticks
                0x00000000c00328af                sys_get_pid
                0x00000000c00328cc                sys_kmalloc
                0x00000000c00328f2                sys_kmalloc_4k
                0x00000000c003290f                sys_malloc
                0x00000000c0032978                sys_malloc_4k
                0x00000000c00329e5                sys_free
                0x00000000c0032a24                sys_free_4k
                0x00000000c0032a90                sys_udisp_int
                0x00000000c0032ab7                sys_udisp_str
 .text          0x00000000c0032ade     0x1109 kernel/memman.o
                0x00000000c0032ade                init
                0x00000000c0033032                memman_init
                0x00000000c0033069                memman_alloc
                0x00000000c003318e                memman_kalloc
                0x00000000c00332b3                memman_alloc_4k
                0x00000000c00333df                memman_kalloc_4k
                0x00000000c003350b                memman_free
                0x00000000c0033776                memman_free_4k
                0x00000000c0033798                do_malloc
                0x00000000c00337b9                do_kmalloc
                0x00000000c00337da                do_malloc_4k
                0x00000000c00337f8                do_kmalloc_4k
                0x00000000c0033816                do_free
                0x00000000c003383a                do_free_4k
                0x00000000c003385b                disp_free
                0x00000000c00338eb                memman_total
                0x00000000c003392e                memman_test
 .text          0x00000000c0033be7      0x8d8 kernel/pagetbl.o
                0x00000000c0033be7                switch_pde
                0x00000000c0033c0d                init_page_pte
                0x00000000c0033cf9                page_fault_handler
                0x00000000c0034097                get_pde_index
                0x00000000c00340ac                get_pte_index
                0x00000000c00340c6                get_pde_phy_addr
                0x00000000c0034110                get_pte_phy_addr
                0x00000000c0034153                get_page_phy_addr
                0x00000000c0034199                pte_exist
                0x00000000c00341d9                phy_exist
                0x00000000c0034219                write_page_pde
                0x00000000c003425c                write_page_pte
                0x00000000c003429f                vmalloc
                0x00000000c0034334                lin_mapping_phy
                0x00000000c0034466                clear_kernel_pagepte_low
 .text          0x00000000c00344bf      0x5e9 kernel/elf.o
                0x00000000c00344bf                read_Ehdr
                0x00000000c0034519                read_Phdr
                0x00000000c0034573                read_Shdr
                0x00000000c00345cd                read_elf
                0x00000000c0034699                disp_Elf
 .text          0x00000000c0034aa8       0x8e kernel/file.o
                0x00000000c0034aa8                fake_open
                0x00000000c0034ac6                fake_read
                0x00000000c0034b19                fake_seek
 .text          0x00000000c0034b36      0x602 kernel/exec.o
                0x00000000c0034b36                sys_exec
 .text          0x00000000c0035138      0x6ef kernel/fork.o
                0x00000000c0035138                sys_fork
 .text          0x00000000c0035827      0x490 kernel/pthread.o
                0x00000000c0035827                sys_pthread
 .text          0x00000000c0035cb7      0x39f kernel/ktest.o
                0x00000000c0035f4f                initial
 .text          0x00000000c0036056       0xc0 kernel/testfunc.o
                0x00000000c0036056                sys_print_E
                0x00000000c00360b6                sys_print_F
 .text          0x00000000c0036116     0x2d9e kernel/fs.o
                0x00000000c0036116                get_fs_dev
                0x00000000c00361c6                init_fs
                0x00000000c0036d37                real_open
                0x00000000c0037450                read_super_block
                0x00000000c00375a9                get_super_block
                0x00000000c0037fdc                real_close
                0x00000000c0038077                real_read
                0x00000000c00380ce                real_write
                0x00000000c0038542                real_unlink
                0x00000000c0038db6                real_lseek
 .text.__x86.get_pc_thunk.dx
                0x00000000c0038eb4        0x4 kernel/fs.o
                0x00000000c0038eb4                __x86.get_pc_thunk.dx
 .text.__x86.get_pc_thunk.cx
                0x00000000c0038eb8        0x4 kernel/fs.o
                0x00000000c0038eb8                __x86.get_pc_thunk.cx
 .text          0x00000000c0038ebc     0x1552 kernel/hd.o
                0x00000000c0038ebc                init_hd
                0x00000000c0038f55                hd_open
                0x00000000c0038ff9                hd_close
                0x00000000c003906d                hd_rdwt
                0x00000000c00392d1                hd_service
                0x00000000c003958c                hd_rdwt_sched
                0x00000000c0039793                hd_ioctl
 .text          0x00000000c003a40e       0x98 kernel/spinlock.o
                0x00000000c003a43a                initlock
                0x00000000c003a466                acquire
                0x00000000c003a48d                release
 .text          0x00000000c003a4a6     0x235d kernel/fat32.o
                0x00000000c003a4a6                DeleteDir
                0x00000000c003a627                CreateDir
                0x00000000c003a8d3                OpenDir
                0x00000000c003ab5d                ReadFile
                0x00000000c003adb9                WriteFile
                0x00000000c003b0b7                CloseFile
                0x00000000c003b2bd                OpenFile
                0x00000000c003b89e                CreateFile
                0x00000000c003ba32                DeleteFile
                0x00000000c003bbbf                IsFile
                0x00000000c003bd0b                init_fs_fat
                0x00000000c003c3b1                rw_sector_fat
                0x00000000c003c417                rw_sector_sched_fat
                0x00000000c003c46f                debug
                0x00000000c003c4a7                deint
                0x00000000c003c4df                sys_CreateFile
                0x00000000c003c54f                sys_DeleteFile
                0x00000000c003c5bf                sys_OpenFile
                0x00000000c003c5cf                sys_CloseFile
                0x00000000c003c63f                sys_WriteFile
                0x00000000c003c6da                sys_ReadFile
                0x00000000c003c6ea                sys_OpenDir
                0x00000000c003c6fa                sys_CreateDir
                0x00000000c003c70a                sys_DeleteDir
                0x00000000c003c71a                sys_ListDir
                0x00000000c003c72a                DisErrorInfo
 .text          0x00000000c003c803     0x1d62 kernel/base.o
                0x00000000c003c803                ReadSector
                0x00000000c003c865                WriteSector
                0x00000000c003c8ec                DeleteAllRecord
                0x00000000c003cba0                FindClusterForDir
                0x00000000c003cce4                GetFileOffset
                0x00000000c003ce41                GetNextSector
                0x00000000c003d13c                GetNextCluster
                0x00000000c003d20a                ReadRecord
                0x00000000c003d3e4                ClearFATs
                0x00000000c003d547                ClearRecord
                0x00000000c003d5ed                PathToCluster
                0x00000000c003d7ed                FindSpaceInDir
                0x00000000c003dab1                GetNameFromRecord
                0x00000000c003dc1d                CreateRecord
                0x00000000c003dd87                WriteRecord
                0x00000000c003de12                WriteFAT
                0x00000000c003dfa4                AllotClustersForEmptyFile
                0x00000000c003e091                AddCluster
                0x00000000c003e179                NeedMoreCluster
                0x00000000c003e2ab                FindClusterForFile
                0x00000000c003e43c                ClearClusters
                0x00000000c003e4ec                strcmp
 .text          0x00000000c003e565      0x7c9 kernel/assist.o
                0x00000000c003e565                MakeFullPath
                0x00000000c003e637                ChangeCurrentPath
                0x00000000c003e7d3                GetNameFromPath
                0x00000000c003e86a                GetParentFromPath
                0x00000000c003e8d9                IsFullPath
                0x00000000c003e932                ToFullPath
                0x00000000c003ea62                TimeToBytes
                0x00000000c003eae6                FormatFileNameAndExt
                0x00000000c003ec56                FormatDirNameAndExt
 .text          0x00000000c003ed2e      0xf22 kernel/vfs.o
                0x00000000c003ed2e                init_vfs
                0x00000000c003ed5a                init_file_desc_table
                0x00000000c003edab                init_fileop_table
                0x00000000c003eeb7                init_super_block_table
                0x00000000c003ef4d                init_sb_op_table
                0x00000000c003f19d                sys_open
                0x00000000c003f1e3                sys_close
                0x00000000c003f217                sys_read
                0x00000000c003f275                sys_write
                0x00000000c003f2d3                sys_lseek
                0x00000000c003f331                sys_unlink
                0x00000000c003f365                sys_create
                0x00000000c003f399                sys_delete
                0x00000000c003f3cd                sys_opendir
                0x00000000c003f401                sys_createdir
                0x00000000c003f435                sys_deletedir
                0x00000000c003f469                do_vopen
                0x00000000c003f55c                do_vclose
                0x00000000c003f5a3                do_vread
                0x00000000c003f5f0                do_vwrite
                0x00000000c003f6c3                do_vunlink
                0x00000000c003f767                do_vlseek
                0x00000000c003f7b4                do_vcreate
                0x00000000c003f896                do_vdelete
                0x00000000c003f93a                do_vopendir
                0x00000000c003fa19                do_vcreatedir
                0x00000000c003faf8                do_vdeletedir
 .text          0x00000000c003fc50      0x9d3 kernel/keyboard.o
                0x00000000c003fc50                kb_handler
                0x00000000c003fccb                mouse_handler
                0x00000000c003fe6a                init_kb
                0x00000000c003ff3e                init_mouse
                0x00000000c003ff81                keyboard_read
 .text          0x00000000c0040623      0xabf kernel/tty.o
                0x00000000c0040623                in_process
                0x00000000c0040873                task_tty
                0x00000000c0040fcb                tty_write
                0x00000000c0041015                tty_read
 .text          0x00000000c00410e2      0x539 kernel/shell.o
                0x00000000c00410e2                init_shell
                0x00000000c0041106                shell
                0x00000000c0041478                split
                0x00000000c0041550                strncpy
 .text          0x00000000c004161b      0x7fb kernel/console.o
                0x00000000c004161b                init_screen
                0x00000000c00417ba                out_char
                0x00000000c0041a5a                is_current_console
                0x00000000c0041b7a                select_console
                0x00000000c0041bcc                scroll_screen
 .text          0x00000000c0041e16       0x68 lib/ulib.a(printf.o)
                0x00000000c0041e16                printf
 .text          0x00000000c0041e7e      0x548 lib/ulib.a(vsprintf.o)
                0x00000000c0041eee                vsprintf
                0x00000000c0042169                getchar
                0x00000000c00421a4                gets
                0x00000000c00421ee                strtoul
                0x00000000c0042365                strtol
                0x00000000c00423a8                atoi
 .text          0x00000000c00423c6      0x496 kernel/signal/signal.o
                0x00000000c00423c6                do_signal
                0x00000000c0042415                do_sigsend
                0x00000000c00424b8                do_sigreturn
                0x00000000c0042559                sys_signal
                0x00000000c00425b7                sys_sigsend
                0x00000000c00425fd                sys_sigreturn
                0x00000000c0042632                process_signal
 .text.__x86.get_pc_thunk.si
                0x00000000c004285c        0x4 kernel/signal/signal.o
                0x00000000c004285c                __x86.get_pc_thunk.si
 *(.gnu.warning)

.fini
 *(SORT_NONE(.fini))
                [!provide]                        PROVIDE (__etext = .)
                [!provide]                        PROVIDE (_etext = .)
                [!provide]                        PROVIDE (etext = .)
                0x00000000c0043000                . = ALIGN (CONSTANT (MAXPAGESIZE))
                0x00000000c0043000                . = SEGMENT_START ("rodata-segment", (ALIGN (CONSTANT (MAXPAGESIZE)) + (. & (CONSTANT (MAXPAGESIZE) - 0x1))))

.rodata         0x00000000c0043000     0x104e
 *(.rodata .rodata.* .gnu.linkonce.r.*)
 .rodata        0x00000000c0043000       0x47 kernel/start.o
 *fill*         0x00000000c0043047        0x1 
 .rodata        0x00000000c0043048       0x9c kernel/main.o
 .rodata        0x00000000c00430e4       0x11 kernel/i8259.o
 *fill*         0x00000000c00430f5        0xb 
 .rodata        0x00000000c0043100      0x561 kernel/protect.o
 .rodata        0x00000000c0043661       0x24 kernel/memman.o
 *fill*         0x00000000c0043685        0x3 
 .rodata        0x00000000c0043688       0xcf kernel/pagetbl.o
 .rodata        0x00000000c0043757       0x1f kernel/elf.o
 *fill*         0x00000000c0043776        0x2 
 .rodata        0x00000000c0043778       0x4c kernel/exec.o
 .rodata        0x00000000c00437c4       0x2b kernel/fork.o
 .rodata        0x00000000c00437ef       0x34 kernel/pthread.o
 *fill*         0x00000000c0043823        0x1 
 .rodata        0x00000000c0043824       0xae kernel/ktest.o
 .rodata        0x00000000c00438d2        0xb kernel/testfunc.o
 *fill*         0x00000000c00438dd        0x3 
 .rodata        0x00000000c00438e0      0x266 kernel/fs.o
 .rodata        0x00000000c0043b46       0xbe kernel/hd.o
 .rodata        0x00000000c0043c04      0x207 kernel/fat32.o
 .rodata        0x00000000c0043e0b       0x17 kernel/base.o
 .rodata        0x00000000c0043e22        0x5 kernel/assist.o
 *fill*         0x00000000c0043e27        0x1 
 .rodata        0x00000000c0043e28       0xc3 kernel/vfs.o
 *fill*         0x00000000c0043eeb        0x1 
 .rodata        0x00000000c0043eec       0x64 kernel/keyboard.o
 .rodata        0x00000000c0043f50       0x90 kernel/tty.o
 .rodata        0x00000000c0043fe0       0x6e kernel/shell.o

.rodata1
 *(.rodata1)

.eh_frame_hdr
 *(.eh_frame_hdr)
 *(.eh_frame_entry .eh_frame_entry.*)

.eh_frame       0x00000000c0044050     0x291c
 *(.eh_frame)
 .eh_frame      0x00000000c0044050       0x50 kernel/start.o
 .eh_frame      0x00000000c00440a0       0x7c kernel/main.o
                                         0xa8 (松开之前的大小)
 .eh_frame      0x00000000c004411c       0x48 kernel/clock.o
                                         0x88 (松开之前的大小)
 .eh_frame      0x00000000c0044164       0x6c kernel/i8259.o
                                         0x98 (松开之前的大小)
 .eh_frame      0x00000000c00441d0       0xd8 kernel/protect.o
                                        0x118 (松开之前的大小)
 .eh_frame      0x00000000c00442a8      0x108 kernel/proc.o
                                        0x148 (松开之前的大小)
 .eh_frame      0x00000000c00443b0       0x64 lib/klib.o
                                         0xa4 (松开之前的大小)
 .eh_frame      0x00000000c0044414       0x20 lib/stringc.o
                                         0x4c (松开之前的大小)
 .eh_frame      0x00000000c0044434      0x160 kernel/syscallc.o
                                        0x1a0 (松开之前的大小)
 .eh_frame      0x00000000c0044594      0x24c kernel/memman.o
                                        0x28c (松开之前的大小)
 .eh_frame      0x00000000c00447e0      0x1f8 kernel/pagetbl.o
                                        0x238 (松开之前的大小)
 .eh_frame      0x00000000c00449d8       0xb0 kernel/elf.o
                                         0xf0 (松开之前的大小)
 .eh_frame      0x00000000c0044a88       0x64 kernel/file.o
                                         0x90 (松开之前的大小)
 .eh_frame      0x00000000c0044aec       0x90 kernel/exec.o
                                         0xbc (松开之前的大小)
 .eh_frame      0x00000000c0044b7c       0x9c kernel/fork.o
                                         0xdc (松开之前的大小)
 .eh_frame      0x00000000c0044c18       0xc0 kernel/pthread.o
                                        0x100 (松开之前的大小)
 .eh_frame      0x00000000c0044cd8       0x40 kernel/ktest.o
                                         0x6c (松开之前的大小)
 .eh_frame      0x00000000c0044d18       0x48 kernel/testfunc.o
                                         0x74 (松开之前的大小)
 .eh_frame      0x00000000c0044d60      0x4b4 kernel/fs.o
                                        0x4f4 (松开之前的大小)
 .eh_frame      0x00000000c0045214      0x310 kernel/hd.o
                                        0x364 (松开之前的大小)
 .eh_frame      0x00000000c0045524       0x84 kernel/spinlock.o
                                         0xb0 (松开之前的大小)
 .eh_frame      0x00000000c00455a8      0x43c kernel/fat32.o
                                        0x490 (松开之前的大小)
 .eh_frame      0x00000000c00459e4      0x340 kernel/base.o
                                        0x3a8 (松开之前的大小)
 .eh_frame      0x00000000c0045d24      0x140 kernel/assist.o
                                        0x180 (松开之前的大小)
 .eh_frame      0x00000000c0045e64      0x430 kernel/vfs.o
                                        0x470 (松开之前的大小)
 .eh_frame      0x00000000c0046294      0x168 kernel/keyboard.o
                                        0x194 (松开之前的大小)
 .eh_frame      0x00000000c00463fc      0x134 kernel/tty.o
                                        0x188 (松开之前的大小)
 .eh_frame      0x00000000c0046530       0xac kernel/shell.o
                                         0xec (松开之前的大小)
 .eh_frame      0x00000000c00465dc      0x154 kernel/console.o
                                        0x1bc (松开之前的大小)
 .eh_frame      0x00000000c0046730       0x24 lib/ulib.a(printf.o)
                                         0x50 (松开之前的大小)
 .eh_frame      0x00000000c0046754       0xec lib/ulib.a(vsprintf.o)
                                        0x12c (松开之前的大小)
 .eh_frame      0x00000000c0046840      0x12c kernel/signal/signal.o
                                        0x180 (松开之前的大小)
 *(.eh_frame.*)

.gcc_except_table
 *(.gcc_except_table .gcc_except_table.*)

.gnu_extab
 *(.gnu_extab*)

.exception_ranges
 *(.exception_ranges*)
                0x00000000c0048000                . = DATA_SEGMENT_ALIGN (CONSTANT (MAXPAGESIZE), CONSTANT (COMMONPAGESIZE))

.eh_frame
 *(.eh_frame)
 *(.eh_frame.*)

.gnu_extab
 *(.gnu_extab)

.gcc_except_table
 *(.gcc_except_table .gcc_except_table.*)

.exception_ranges
 *(.exception_ranges*)

.tdata          0x00000000c0048000        0x0
                [!provide]                        PROVIDE (__tdata_start = .)
 *(.tdata .tdata.* .gnu.linkonce.td.*)

.tbss
 *(.tbss .tbss.* .gnu.linkonce.tb.*)
 *(.tcommon)

.preinit_array  0x00000000c0048000        0x0
                [!provide]                        PROVIDE (__preinit_array_start = .)
 *(.preinit_array)
                [!provide]                        PROVIDE (__preinit_array_end = .)

.init_array     0x00000000c0048000        0x0
                [!provide]                        PROVIDE (__init_array_start = .)
 *(SORT_BY_INIT_PRIORITY(.init_array.*) SORT_BY_INIT_PRIORITY(.ctors.*))
 *(.init_array EXCLUDE_FILE(*crtend?.o *crtend.o *crtbegin?.o *crtbegin.o) .ctors)
                [!provide]                        PROVIDE (__init_array_end = .)

.fini_array     0x00000000c0048000        0x0
                [!provide]                        PROVIDE (__fini_array_start = .)
 *(SORT_BY_INIT_PRIORITY(.fini_array.*) SORT_BY_INIT_PRIORITY(.dtors.*))
 *(.fini_array EXCLUDE_FILE(*crtend?.o *crtend.o *crtbegin?.o *crtbegin.o) .dtors)
                [!provide]                        PROVIDE (__fini_array_end = .)

.ctors
 *crtbegin.o(.ctors)
 *crtbegin?.o(.ctors)
 *(EXCLUDE_FILE(*crtend?.o *crtend.o) .ctors)
 *(SORT_BY_NAME(.ctors.*))
 *(.ctors)

.dtors
 *crtbegin.o(.dtors)
 *crtbegin?.o(.dtors)
 *(EXCLUDE_FILE(*crtend?.o *crtend.o) .dtors)
 *(SORT_BY_NAME(.dtors.*))
 *(.dtors)

.jcr
 *(.jcr)

.data.rel.ro
 *(.data.rel.ro.local* .gnu.linkonce.d.rel.ro.local.*)
 *(.data.rel.ro .data.rel.ro.* .gnu.linkonce.d.rel.ro.*)

.dynamic
 *(.dynamic)

.got            0x00000000c0048000        0x0
 *(.got)
 .got           0x00000000c0048000        0x0 kernel/kernel.o
 *(.igot)
                0x00000000c0048ff4                . = DATA_SEGMENT_RELRO_END (., (SIZEOF (.got.plt) >= 0xc)?0xc:0x0)

.got.plt        0x00000000c0048000        0xc
 *(.got.plt)
 .got.plt       0x00000000c0048000        0xc kernel/kernel.o
                0x00000000c0048000                _GLOBAL_OFFSET_TABLE_
 *(.igot.plt)
 .igot.plt      0x00000000c004800c        0x0 kernel/kernel.o

.data           0x00000000c0048020      0x720
 *(.data .data.* .gnu.linkonce.d.*)
 .data          0x00000000c0048020        0x2 kernel/kernel.o
 .data          0x00000000c0048022        0x0 kernel/start.o
 .data          0x00000000c0048022        0x0 kernel/main.o
 .data          0x00000000c0048022        0x0 kernel/clock.o
 .data          0x00000000c0048022        0x0 kernel/i8259.o
 .data          0x00000000c0048022        0x0 kernel/global.o
 *fill*         0x00000000c0048022       0x1e 
 .data.rel      0x00000000c0048040       0xdc kernel/global.o
                0x00000000c0048040                task_table
                0x00000000c00480a0                sys_call_table
 .data          0x00000000c004811c        0x0 kernel/protect.o
 .data          0x00000000c004811c        0x0 kernel/proc.o
 .data          0x00000000c004811c        0x0 lib/klib.o
 .data          0x00000000c004811c        0x0 lib/stringc.o
 .data          0x00000000c004811c        0x0 kernel/syscallc.o
 .data          0x00000000c004811c        0x0 kernel/memman.o
 .data.rel.local
                0x00000000c004811c        0x4 kernel/memman.o
                0x00000000c004811c                memman
 .data          0x00000000c0048120        0x0 kernel/pagetbl.o
 .data          0x00000000c0048120        0x0 kernel/elf.o
 .data          0x00000000c0048120        0x0 kernel/file.o
 .data          0x00000000c0048120        0x0 kernel/exec.o
 .data          0x00000000c0048120        0x0 kernel/fork.o
 .data          0x00000000c0048120        0x0 kernel/pthread.o
 .data          0x00000000c0048120        0x0 kernel/ktest.o
 .data          0x00000000c0048120        0x0 kernel/testfunc.o
 .data          0x00000000c0048120        0x0 kernel/fs.o
 .data          0x00000000c0048120        0x0 kernel/hd.o
 .data          0x00000000c0048120        0x0 kernel/spinlock.o
 .data          0x00000000c0048120        0x0 kernel/fat32.o
 .data          0x00000000c0048120        0x8 kernel/base.o
                0x00000000c0048120                FAT_END
                0x00000000c0048124                globalSectorIndex
 .data          0x00000000c0048128        0x0 kernel/assist.o
 .data          0x00000000c0048128        0x0 kernel/vfs.o
 *fill*         0x00000000c0048128       0x18 
 .data          0x00000000c0048140      0x600 kernel/keyboard.o
                0x00000000c0048140                keymap
 .data          0x00000000c0048740        0x0 kernel/tty.o
 .data          0x00000000c0048740        0x0 kernel/shell.o
 .data          0x00000000c0048740        0x0 kernel/console.o
 .data          0x00000000c0048740        0x0 lib/ulib.a(printf.o)
 .data          0x00000000c0048740        0x0 lib/ulib.a(vsprintf.o)
 .data          0x00000000c0048740        0x0 kernel/signal/signal.o

.data1
 *(.data1)
                0x00000000c0048740                _edata = .
                [!provide]                        PROVIDE (edata = .)
                0x00000000c0048740                . = .
                0x00000000c0048740                __bss_start = .

.bss            0x00000000c0048740    0x387e0
 *(.dynbss)
 *(.bss .bss.* .gnu.linkonce.b.*)
 .bss           0x00000000c0048740     0x1000 kernel/kernel.o
 .bss           0x00000000c0049740        0x0 kernel/start.o
 .bss           0x00000000c0049740        0x0 kernel/main.o
 .bss           0x00000000c0049740        0x0 kernel/clock.o
 .bss           0x00000000c0049740        0x0 kernel/i8259.o
 .bss           0x00000000c0049740    0x1ba08 kernel/global.o
                0x00000000c0049740                kernel_initial
                0x00000000c0049744                ticks
                0x00000000c0049748                disp_pos
                0x00000000c004974c                gdt_ptr
                0x00000000c0049760                gdt
                0x00000000c0049b60                idt_ptr
                0x00000000c0049b80                idt
                0x00000000c004a380                k_reenter
                0x00000000c004a384                u_proc_sum
                0x00000000c004a3a0                tss
                0x00000000c004a408                p_proc_current
                0x00000000c004a40c                p_proc_next
                0x00000000c004a410                cr3_ready
                0x00000000c004a420                cpu_table
                0x00000000c004c420                proc_table
                0x00000000c0064420                irq_table
                0x00000000c0064460                tty_table
                0x00000000c0065100                console_table
 .bss           0x00000000c0065148        0x0 kernel/protect.o
 .bss           0x00000000c0065148        0x0 kernel/proc.o
 .bss           0x00000000c0065148        0x0 lib/klib.o
 .bss           0x00000000c0065148        0x0 lib/stringc.o
 .bss           0x00000000c0065148        0x4 kernel/syscallc.o
                0x00000000c0065148                memarg
 *fill*         0x00000000c006514c       0x14 
 .bss           0x00000000c0065160     0x83e0 kernel/memman.o
                0x00000000c0065160                MemInfo
                0x00000000c0065560                s_memman
 .bss           0x00000000c006d540        0x8 kernel/pagetbl.o
                0x00000000c006d540                cr2_save
                0x00000000c006d544                cr2_count
 .bss           0x00000000c006d548        0x0 kernel/elf.o
 .bss           0x00000000c006d548        0x4 kernel/file.o
 .bss           0x00000000c006d54c        0x0 kernel/exec.o
 .bss           0x00000000c006d54c        0x0 kernel/fork.o
 .bss           0x00000000c006d54c        0x0 kernel/pthread.o
 .bss           0x00000000c006d54c        0x0 kernel/ktest.o
 .bss           0x00000000c006d54c        0x0 kernel/testfunc.o
 *fill*         0x00000000c006d54c       0x14 
 .bss           0x00000000c006d560      0xb20 kernel/fs.o
 .bss           0x00000000c006e080      0x760 kernel/hd.o
                0x00000000c006e080                hd_info
 .bss           0x00000000c006e7e0        0x0 kernel/spinlock.o
 .bss           0x00000000c006e7e0    0x10a20 kernel/fat32.o
                0x00000000c006e7e0                VDiskPath
                0x00000000c006e8e0                cur_path
                0x00000000c006e9e0                buf
                0x00000000c006e9e4                state
                0x00000000c006ea00                f_desc_table_fat
 .bss           0x00000000c007f200      0x420 kernel/base.o
                0x00000000c007f200                TotalSectors
                0x00000000c007f204                Bytes_Per_Sector
                0x00000000c007f206                Sectors_Per_Cluster
                0x00000000c007f208                Reserved_Sector
                0x00000000c007f20c                Sectors_Per_FAT
                0x00000000c007f210                Position_Of_RootDir
                0x00000000c007f214                Position_Of_FAT1
                0x00000000c007f218                Position_Of_FAT2
                0x00000000c007f220                FATBuf
 .bss           0x00000000c007f620        0x0 kernel/assist.o
 .bss           0x00000000c007f620      0xd34 kernel/vfs.o
                0x00000000c007f620                f_desc_table
                0x00000000c0080020                super_block
 *fill*         0x00000000c0080354        0xc 
 .bss           0x00000000c0080360      0x184 kernel/keyboard.o
 .bss           0x00000000c00804e4        0x4 kernel/tty.o
                0x00000000c00804e4                current_console
 *fill*         0x00000000c00804e8       0x18 
 .bss           0x00000000c0080500      0xa20 kernel/shell.o
                0x00000000c0080500                fd
                0x00000000c0080504                argc
                0x00000000c0080520                argv
 .bss           0x00000000c0080f20        0x0 kernel/console.o
 .bss           0x00000000c0080f20        0x0 lib/ulib.a(printf.o)
 .bss           0x00000000c0080f20        0x0 lib/ulib.a(vsprintf.o)
 .bss           0x00000000c0080f20        0x0 kernel/signal/signal.o
 *(COMMON)
                0x00000000c0080f20                . = ALIGN ((. != 0x0)?0x4:0x1)
                0x00000000c0080f20                . = ALIGN (0x4)
                0x00000000c0080f20                . = SEGMENT_START ("ldata-segment", .)
                0x00000000c0080f20                . = ALIGN (0x4)
                0x00000000c0080f20                _end = .
                [!provide]                        PROVIDE (end = .)
                0x00000000c0080f20                . = DATA_SEGMENT_END (.)

.stab
 *(.stab)

.stabstr
 *(.stabstr)

.stab.excl
 *(.stab.excl)

.stab.exclstr
 *(.stab.exclstr)

.stab.index
 *(.stab.index)

.stab.indexstr
 *(.stab.indexstr)

.comment        0x0000000000000000       0x12
 *(.comment)
 .comment       0x0000000000000000       0x12 kernel/start.o
                                         0x13 (松开之前的大小)
 .comment       0x0000000000000012       0x13 kernel/main.o
 .comment       0x0000000000000012       0x13 kernel/clock.o
 .comment       0x0000000000000012       0x13 kernel/i8259.o
 .comment       0x0000000000000012       0x13 kernel/global.o
 .comment       0x0000000000000012       0x13 kernel/protect.o
 .comment       0x0000000000000012       0x13 kernel/proc.o
 .comment       0x0000000000000012       0x13 lib/klib.o
 .comment       0x0000000000000012       0x13 lib/stringc.o
 .comment       0x0000000000000012       0x13 kernel/syscallc.o
 .comment       0x0000000000000012       0x13 kernel/memman.o
 .comment       0x0000000000000012       0x13 kernel/pagetbl.o
 .comment       0x0000000000000012       0x13 kernel/elf.o
 .comment       0x0000000000000012       0x13 kernel/file.o
 .comment       0x0000000000000012       0x13 kernel/exec.o
 .comment       0x0000000000000012       0x13 kernel/fork.o
 .comment       0x0000000000000012       0x13 kernel/pthread.o
 .comment       0x0000000000000012       0x13 kernel/ktest.o
 .comment       0x0000000000000012       0x13 kernel/testfunc.o
 .comment       0x0000000000000012       0x13 kernel/fs.o
 .comment       0x0000000000000012       0x13 kernel/hd.o
 .comment       0x0000000000000012       0x13 kernel/spinlock.o
 .comment       0x0000000000000012       0x13 kernel/fat32.o
 .comment       0x0000000000000012       0x13 kernel/base.o
 .comment       0x0000000000000012       0x13 kernel/assist.o
 .comment       0x0000000000000012       0x13 kernel/vfs.o
 .comment       0x0000000000000012       0x13 kernel/keyboard.o
 .comment       0x0000000000000012       0x13 kernel/tty.o
 .comment       0x0000000000000012       0x13 kernel/shell.o
 .comment       0x0000000000000012       0x13 kernel/console.o
 .comment       0x0000000000000012       0x13 lib/ulib.a(printf.o)
 .comment       0x0000000000000012       0x13 lib/ulib.a(vsprintf.o)
 .comment       0x0000000000000012       0x13 kernel/signal/signal.o

.gnu.build.attributes
 *(.gnu.build.attributes .gnu.build.attributes.*)

.debug
 *(.debug)

.line
 *(.line)

.debug_srcinfo
 *(.debug_srcinfo)

.debug_sfnames
 *(.debug_sfnames)

.debug_aranges
 *(.debug_aranges)

.debug_pubnames
 *(.debug_pubnames)

.debug_info
 *(.debug_info .gnu.linkonce.wi.*)

.debug_abbrev
 *(.debug_abbrev)

.debug_line
 *(.debug_line .debug_line.* .debug_line_end)

.debug_frame
 *(.debug_frame)

.debug_str
 *(.debug_str)

.debug_loc
 *(.debug_loc)

.debug_macinfo
 *(.debug_macinfo)

.debug_weaknames
 *(.debug_weaknames)

.debug_funcnames
 *(.debug_funcnames)

.debug_typenames
 *(.debug_typenames)

.debug_varnames
 *(.debug_varnames)

.debug_pubtypes
 *(.debug_pubtypes)

.debug_ranges
 *(.debug_ranges)

.debug_macro
 *(.debug_macro)

.debug_addr
 *(.debug_addr)

.gnu.attributes
 *(.gnu.attributes)

/DISCARD/
 *(.note.GNU-stack)
 *(.gnu_debuglink)
 *(.gnu.lto_*)
OUTPUT(kernel.bin elf32-i386)
